  Файл: /home/user1
  Размер: 4096      	Блоков: 8          Блок В/В: 4096   directory
Устройство: 8/1	Инода: 659431      Ссылки: 3
Доступ: (0700/drwx------)  Uid: ( 1234/   user1)   Gid: ( 1001/students)
Доступ:        2026-09-07 21:12:39.019794572 +0300
Модифицирован: 2026-09-07 21:26:49.941052455 +0300
Изменён:       2026-09-07 21:26:49.941052455 +0300
Создан:        2026-09-07 20:43:21.281839293 +0300
  Файл: /home/user1/tools/cat
  Размер: 47592     	Блоков: 96         Блок В/В: 4096   regular file
Устройство: 8/1	Инода: 659596      Ссылки: 1
Доступ: (4755/-rwsr-xr-x)  Uid: (    0/    root)   Gid: (    0/    root)
Доступ:        2026-09-07 21:24:52.594779455 +0300
Модифицирован: 2026-09-07 21:23:18.876483684 +0300
Изменён:       2026-09-07 21:23:57.822732040 +0300
Создан:        2026-09-07 21:23:18.876483684 +0300
  Файл: /home/user1/tools/chown
  Размер: 76232     	Блоков: 152        Блок В/В: 4096   regular file
Устройство: 8/1	Инода: 659599      Ссылки: 1
Доступ: (0755/-rwxr-xr-x)  Uid: (    0/    root)   Gid: (    0/    root)
Доступ:        2026-09-07 21:30:09.190563548 +0300
Модифицирован: 2026-09-07 21:28:11.985767743 +0300
Изменён:       2026-09-07 21:29:02.027443177 +0300
Создан:        2026-09-07 21:28:11.985767743 +0300
