root:***:20703:0:99999:7:::
daemon:***:20703:0:99999:7:::
bin:***:20703:0:99999:7:::
sys:***:20703:0:99999:7:::
sync:***:20703:0:99999:7:::
games:***:20703:0:99999:7:::
man:***:20703:0:99999:7:::
lp:***:20703:0:99999:7:::
mail:***:20703:0:99999:7:::
news:***:20703:0:99999:7:::
uucp:***:20703:0:99999:7:::
proxy:***:20703:0:99999:7:::
www-data:***:20703:0:99999:7:::
backup:***:20703:0:99999:7:::
list:***:20703:0:99999:7:::
irc:***:20703:0:99999:7:::
_apt:***:20703:0:99999:7:::
nobody:***:20703:0:99999:7:::
systemd-network:***:20703:::::1:
dhcpcd:***:20703::::::
systemd-timesync:***:20703:::::1:
messagebus:***:20703::::::
dnsmasq:***:20703::::::
avahi:***:20703::::::
speech-dispatcher:***:20703::::::
usbmux:***:20703::::::
cups-pk-helper:***:20703::::::
pulse:***:20703::::::
lightdm:***:20703::::::
saned:***:20703::::::
polkitd:***:20703::::::
rtkit:***:20703::::::
colord:***:20703::::::
artem:***:20703:0:99999:7:::
user1:***:20703:0:90:7:::
